Classic Timing Analyzer report for RV32IM
Wed Feb 27 16:09:46 2019
Quartus II Version 9.1 Build 350 03/24/2010 Service Pack 2 SJ Web Edition


---------------------
; Table of Contents ;
---------------------
  1. Legal Notice
  2. Timing Analyzer Summary
  3. Timing Analyzer Settings
  4. Parallel Compilation
  5. tpd
  6. Timing Analyzer Messages



----------------
; Legal Notice ;
----------------
Copyright (C) 1991-2010 Altera Corporation
Your use of Altera Corporation's design tools, logic functions 
and other software and tools, and its AMPP partner logic 
functions, and any output files from any of the foregoing 
(including device programming or simulation files), and any 
associated documentation or information are expressly subject 
to the terms and conditions of the Altera Program License 
Subscription Agreement, Altera MegaCore Function License 
Agreement, or other applicable license agreement, including, 
without limitation, that your use is for the sole purpose of 
programming logic devices manufactured by Altera and sold by 
Altera or its authorized distributors.  Please refer to the 
applicable agreement for further details.



+-------------------------------------------------------------------------------------------------------------------------------------+
; Timing Analyzer Summary                                                                                                             ;
+------------------------------+-------+---------------+-------------+---------+---------------+------------+----------+--------------+
; Type                         ; Slack ; Required Time ; Actual Time ; From    ; To            ; From Clock ; To Clock ; Failed Paths ;
+------------------------------+-------+---------------+-------------+---------+---------------+------------+----------+--------------+
; Worst-case tpd               ; N/A   ; None          ; 12.505 ns   ; TYPE[0] ; IMMEDIATE[15] ; --         ; --       ; 0            ;
; Total number of failed paths ;       ;               ;             ;         ;               ;            ;          ; 0            ;
+------------------------------+-------+---------------+-------------+---------+---------------+------------+----------+--------------+


+-----------------------------------------------------------------------------------------------------------------------------------------------------+
; Timing Analyzer Settings                                                                                                                            ;
+------------------------------------------------------------------------------------------------------+--------------------+------+----+-------------+
; Option                                                                                               ; Setting            ; From ; To ; Entity Name ;
+------------------------------------------------------------------------------------------------------+--------------------+------+----+-------------+
; Device Name                                                                                          ; EP2C35F672C6       ;      ;    ;             ;
; Timing Models                                                                                        ; Final              ;      ;    ;             ;
; Default hold multicycle                                                                              ; Same as Multicycle ;      ;    ;             ;
; Cut paths between unrelated clock domains                                                            ; On                 ;      ;    ;             ;
; Cut off read during write signal paths                                                               ; On                 ;      ;    ;             ;
; Cut off feedback from I/O pins                                                                       ; On                 ;      ;    ;             ;
; Report Combined Fast/Slow Timing                                                                     ; Off                ;      ;    ;             ;
; Ignore Clock Settings                                                                                ; Off                ;      ;    ;             ;
; Analyze latches as synchronous elements                                                              ; On                 ;      ;    ;             ;
; Enable Recovery/Removal analysis                                                                     ; Off                ;      ;    ;             ;
; Enable Clock Latency                                                                                 ; Off                ;      ;    ;             ;
; Use TimeQuest Timing Analyzer                                                                        ; Off                ;      ;    ;             ;
; Minimum Core Junction Temperature                                                                    ; 0                  ;      ;    ;             ;
; Maximum Core Junction Temperature                                                                    ; 85                 ;      ;    ;             ;
; Number of source nodes to report per destination node                                                ; 10                 ;      ;    ;             ;
; Number of destination nodes to report                                                                ; 10                 ;      ;    ;             ;
; Number of paths to report                                                                            ; 200                ;      ;    ;             ;
; Report Minimum Timing Checks                                                                         ; Off                ;      ;    ;             ;
; Use Fast Timing Models                                                                               ; Off                ;      ;    ;             ;
; Report IO Paths Separately                                                                           ; Off                ;      ;    ;             ;
; Perform Multicorner Analysis                                                                         ; On                 ;      ;    ;             ;
; Reports the worst-case path for each clock domain and analysis                                       ; Off                ;      ;    ;             ;
; Reports worst-case timing paths for each clock domain and analysis                                   ; On                 ;      ;    ;             ;
; Specifies the maximum number of worst-case timing paths to report for each clock domain and analysis ; 100                ;      ;    ;             ;
; Removes common clock path pessimism (CCPP) during slack computation                                  ; Off                ;      ;    ;             ;
; Output I/O Timing Endpoint                                                                           ; Near End           ;      ;    ;             ;
+------------------------------------------------------------------------------------------------------+--------------------+------+----+-------------+


Parallel compilation was disabled, but you have multiple processors available. Enable parallel compilation to reduce compilation time.
+-------------------------------------+
; Parallel Compilation                ;
+----------------------------+--------+
; Processors                 ; Number ;
+----------------------------+--------+
; Number detected on machine ; 4      ;
; Maximum allowed            ; 1      ;
+----------------------------+--------+


+------------------------------------------------------------------------+
; tpd                                                                    ;
+-------+-------------------+-----------------+----------+---------------+
; Slack ; Required P2P Time ; Actual P2P Time ; From     ; To            ;
+-------+-------------------+-----------------+----------+---------------+
; N/A   ; None              ; 12.505 ns       ; TYPE[0]  ; IMMEDIATE[15] ;
; N/A   ; None              ; 12.380 ns       ; TYPE[1]  ; IMMEDIATE[15] ;
; N/A   ; None              ; 12.260 ns       ; TYPE[0]  ; IMMEDIATE[14] ;
; N/A   ; None              ; 12.237 ns       ; TYPE[0]  ; IMMEDIATE[12] ;
; N/A   ; None              ; 12.228 ns       ; TYPE[0]  ; IMMEDIATE[13] ;
; N/A   ; None              ; 12.138 ns       ; TYPE[0]  ; IMMEDIATE[16] ;
; N/A   ; None              ; 12.135 ns       ; TYPE[1]  ; IMMEDIATE[14] ;
; N/A   ; None              ; 12.112 ns       ; TYPE[1]  ; IMMEDIATE[12] ;
; N/A   ; None              ; 12.103 ns       ; TYPE[1]  ; IMMEDIATE[13] ;
; N/A   ; None              ; 12.013 ns       ; TYPE[1]  ; IMMEDIATE[16] ;
; N/A   ; None              ; 11.949 ns       ; TYPE[2]  ; IMMEDIATE[15] ;
; N/A   ; None              ; 11.704 ns       ; TYPE[2]  ; IMMEDIATE[14] ;
; N/A   ; None              ; 11.681 ns       ; TYPE[2]  ; IMMEDIATE[12] ;
; N/A   ; None              ; 11.672 ns       ; TYPE[2]  ; IMMEDIATE[13] ;
; N/A   ; None              ; 11.582 ns       ; TYPE[2]  ; IMMEDIATE[16] ;
; N/A   ; None              ; 10.938 ns       ; TYPE[0]  ; IMMEDIATE[19] ;
; N/A   ; None              ; 10.927 ns       ; TYPE[0]  ; IMMEDIATE[17] ;
; N/A   ; None              ; 10.813 ns       ; TYPE[1]  ; IMMEDIATE[19] ;
; N/A   ; None              ; 10.802 ns       ; TYPE[1]  ; IMMEDIATE[17] ;
; N/A   ; None              ; 10.641 ns       ; TYPE[0]  ; IMMEDIATE[18] ;
; N/A   ; None              ; 10.516 ns       ; TYPE[1]  ; IMMEDIATE[18] ;
; N/A   ; None              ; 10.503 ns       ; WORD[19] ; IMMEDIATE[19] ;
; N/A   ; None              ; 10.444 ns       ; TYPE[0]  ; IMMEDIATE[3]  ;
; N/A   ; None              ; 10.420 ns       ; TYPE[0]  ; IMMEDIATE[25] ;
; N/A   ; None              ; 10.382 ns       ; TYPE[2]  ; IMMEDIATE[19] ;
; N/A   ; None              ; 10.371 ns       ; TYPE[2]  ; IMMEDIATE[17] ;
; N/A   ; None              ; 10.320 ns       ; TYPE[1]  ; IMMEDIATE[3]  ;
; N/A   ; None              ; 10.292 ns       ; TYPE[1]  ; IMMEDIATE[25] ;
; N/A   ; None              ; 10.158 ns       ; TYPE[0]  ; IMMEDIATE[1]  ;
; N/A   ; None              ; 10.128 ns       ; TYPE[1]  ; IMMEDIATE[0]  ;
; N/A   ; None              ; 10.123 ns       ; TYPE[0]  ; IMMEDIATE[7]  ;
; N/A   ; None              ; 10.123 ns       ; TYPE[0]  ; IMMEDIATE[29] ;
; N/A   ; None              ; 10.113 ns       ; TYPE[0]  ; IMMEDIATE[9]  ;
; N/A   ; None              ; 10.113 ns       ; WORD[31] ; IMMEDIATE[23] ;
; N/A   ; None              ; 10.113 ns       ; TYPE[0]  ; IMMEDIATE[27] ;
; N/A   ; None              ; 10.110 ns       ; TYPE[0]  ; IMMEDIATE[6]  ;
; N/A   ; None              ; 10.110 ns       ; TYPE[0]  ; IMMEDIATE[10] ;
; N/A   ; None              ; 10.105 ns       ; WORD[31] ; IMMEDIATE[24] ;
; N/A   ; None              ; 10.085 ns       ; TYPE[2]  ; IMMEDIATE[18] ;
; N/A   ; None              ; 10.063 ns       ; TYPE[0]  ; IMMEDIATE[8]  ;
; N/A   ; None              ; 10.034 ns       ; TYPE[1]  ; IMMEDIATE[1]  ;
; N/A   ; None              ; 10.018 ns       ; WORD[31] ; IMMEDIATE[25] ;
; N/A   ; None              ; 10.009 ns       ; TYPE[0]  ; IMMEDIATE[11] ;
; N/A   ; None              ; 9.995 ns        ; TYPE[1]  ; IMMEDIATE[7]  ;
; N/A   ; None              ; 9.995 ns        ; TYPE[1]  ; IMMEDIATE[29] ;
; N/A   ; None              ; 9.989 ns        ; WORD[31] ; IMMEDIATE[22] ;
; N/A   ; None              ; 9.985 ns        ; TYPE[1]  ; IMMEDIATE[9]  ;
; N/A   ; None              ; 9.985 ns        ; TYPE[1]  ; IMMEDIATE[27] ;
; N/A   ; None              ; 9.985 ns        ; WORD[31] ; IMMEDIATE[31] ;
; N/A   ; None              ; 9.983 ns        ; WORD[16] ; IMMEDIATE[16] ;
; N/A   ; None              ; 9.982 ns        ; TYPE[1]  ; IMMEDIATE[6]  ;
; N/A   ; None              ; 9.982 ns        ; TYPE[1]  ; IMMEDIATE[10] ;
; N/A   ; None              ; 9.935 ns        ; TYPE[1]  ; IMMEDIATE[8]  ;
; N/A   ; None              ; 9.894 ns        ; TYPE[0]  ; IMMEDIATE[2]  ;
; N/A   ; None              ; 9.894 ns        ; TYPE[2]  ; IMMEDIATE[3]  ;
; N/A   ; None              ; 9.879 ns        ; TYPE[0]  ; IMMEDIATE[4]  ;
; N/A   ; None              ; 9.864 ns        ; TYPE[2]  ; IMMEDIATE[25] ;
; N/A   ; None              ; 9.833 ns        ; WORD[31] ; IMMEDIATE[11] ;
; N/A   ; None              ; 9.827 ns        ; WORD[31] ; IMMEDIATE[15] ;
; N/A   ; None              ; 9.818 ns        ; WORD[20] ; IMMEDIATE[11] ;
; N/A   ; None              ; 9.788 ns        ; TYPE[0]  ; IMMEDIATE[21] ;
; N/A   ; None              ; 9.787 ns        ; TYPE[0]  ; IMMEDIATE[31] ;
; N/A   ; None              ; 9.785 ns        ; TYPE[0]  ; IMMEDIATE[26] ;
; N/A   ; None              ; 9.783 ns        ; TYPE[0]  ; IMMEDIATE[5]  ;
; N/A   ; None              ; 9.775 ns        ; TYPE[0]  ; IMMEDIATE[22] ;
; N/A   ; None              ; 9.774 ns        ; WORD[25] ; IMMEDIATE[25] ;
; N/A   ; None              ; 9.770 ns        ; TYPE[1]  ; IMMEDIATE[2]  ;
; N/A   ; None              ; 9.768 ns        ; TYPE[0]  ; IMMEDIATE[30] ;
; N/A   ; None              ; 9.766 ns        ; WORD[31] ; IMMEDIATE[16] ;
; N/A   ; None              ; 9.755 ns        ; TYPE[1]  ; IMMEDIATE[4]  ;
; N/A   ; None              ; 9.753 ns        ; TYPE[0]  ; IMMEDIATE[28] ;
; N/A   ; None              ; 9.750 ns        ; TYPE[0]  ; IMMEDIATE[0]  ;
; N/A   ; None              ; 9.745 ns        ; WORD[31] ; IMMEDIATE[27] ;
; N/A   ; None              ; 9.742 ns        ; TYPE[2]  ; IMMEDIATE[0]  ;
; N/A   ; None              ; 9.738 ns        ; TYPE[2]  ; IMMEDIATE[11] ;
; N/A   ; None              ; 9.735 ns        ; TYPE[0]  ; IMMEDIATE[24] ;
; N/A   ; None              ; 9.727 ns        ; WORD[31] ; IMMEDIATE[29] ;
; N/A   ; None              ; 9.715 ns        ; TYPE[0]  ; IMMEDIATE[23] ;
; N/A   ; None              ; 9.698 ns        ; WORD[26] ; IMMEDIATE[6]  ;
; N/A   ; None              ; 9.695 ns        ; WORD[31] ; IMMEDIATE[26] ;
; N/A   ; None              ; 9.692 ns        ; WORD[31] ; IMMEDIATE[21] ;
; N/A   ; None              ; 9.690 ns        ; WORD[31] ; IMMEDIATE[19] ;
; N/A   ; None              ; 9.677 ns        ; WORD[15] ; IMMEDIATE[15] ;
; N/A   ; None              ; 9.670 ns        ; WORD[31] ; IMMEDIATE[30] ;
; N/A   ; None              ; 9.669 ns        ; TYPE[1]  ; IMMEDIATE[22] ;
; N/A   ; None              ; 9.659 ns        ; TYPE[1]  ; IMMEDIATE[31] ;
; N/A   ; None              ; 9.658 ns        ; WORD[31] ; IMMEDIATE[20] ;
; N/A   ; None              ; 9.655 ns        ; TYPE[1]  ; IMMEDIATE[5]  ;
; N/A   ; None              ; 9.654 ns        ; WORD[31] ; IMMEDIATE[17] ;
; N/A   ; None              ; 9.647 ns        ; TYPE[1]  ; IMMEDIATE[21] ;
; N/A   ; None              ; 9.646 ns        ; TYPE[1]  ; IMMEDIATE[23] ;
; N/A   ; None              ; 9.639 ns        ; TYPE[1]  ; IMMEDIATE[24] ;
; N/A   ; None              ; 9.637 ns        ; TYPE[1]  ; IMMEDIATE[30] ;
; N/A   ; None              ; 9.625 ns        ; TYPE[1]  ; IMMEDIATE[28] ;
; N/A   ; None              ; 9.615 ns        ; TYPE[1]  ; IMMEDIATE[26] ;
; N/A   ; None              ; 9.608 ns        ; TYPE[2]  ; IMMEDIATE[1]  ;
; N/A   ; None              ; 9.587 ns        ; TYPE[1]  ; IMMEDIATE[11] ;
; N/A   ; None              ; 9.576 ns        ; WORD[31] ; IMMEDIATE[14] ;
; N/A   ; None              ; 9.568 ns        ; WORD[31] ; IMMEDIATE[12] ;
; N/A   ; None              ; 9.568 ns        ; WORD[29] ; IMMEDIATE[29] ;
; N/A   ; None              ; 9.567 ns        ; TYPE[2]  ; IMMEDIATE[7]  ;
; N/A   ; None              ; 9.567 ns        ; TYPE[2]  ; IMMEDIATE[29] ;
; N/A   ; None              ; 9.564 ns        ; WORD[20] ; IMMEDIATE[0]  ;
; N/A   ; None              ; 9.561 ns        ; WORD[31] ; IMMEDIATE[13] ;
; N/A   ; None              ; 9.557 ns        ; TYPE[2]  ; IMMEDIATE[9]  ;
; N/A   ; None              ; 9.557 ns        ; TYPE[2]  ; IMMEDIATE[27] ;
; N/A   ; None              ; 9.554 ns        ; TYPE[2]  ; IMMEDIATE[6]  ;
; N/A   ; None              ; 9.554 ns        ; TYPE[2]  ; IMMEDIATE[10] ;
; N/A   ; None              ; 9.522 ns        ; WORD[27] ; IMMEDIATE[27] ;
; N/A   ; None              ; 9.511 ns        ; WORD[27] ; IMMEDIATE[7]  ;
; N/A   ; None              ; 9.507 ns        ; TYPE[2]  ; IMMEDIATE[8]  ;
; N/A   ; None              ; 9.500 ns        ; WORD[26] ; IMMEDIATE[26] ;
; N/A   ; None              ; 9.488 ns        ; WORD[14] ; IMMEDIATE[14] ;
; N/A   ; None              ; 9.473 ns        ; WORD[17] ; IMMEDIATE[17] ;
; N/A   ; None              ; 9.467 ns        ; WORD[21] ; IMMEDIATE[1]  ;
; N/A   ; None              ; 9.462 ns        ; WORD[30] ; IMMEDIATE[30] ;
; N/A   ; None              ; 9.456 ns        ; WORD[21] ; IMMEDIATE[21] ;
; N/A   ; None              ; 9.446 ns        ; TYPE[0]  ; IMMEDIATE[20] ;
; N/A   ; None              ; 9.433 ns        ; WORD[7]  ; IMMEDIATE[11] ;
; N/A   ; None              ; 9.413 ns        ; WORD[12] ; IMMEDIATE[12] ;
; N/A   ; None              ; 9.381 ns        ; WORD[31] ; IMMEDIATE[28] ;
; N/A   ; None              ; 9.374 ns        ; WORD[29] ; IMMEDIATE[9]  ;
; N/A   ; None              ; 9.371 ns        ; WORD[31] ; IMMEDIATE[18] ;
; N/A   ; None              ; 9.344 ns        ; TYPE[2]  ; IMMEDIATE[2]  ;
; N/A   ; None              ; 9.339 ns        ; TYPE[1]  ; IMMEDIATE[20] ;
; N/A   ; None              ; 9.329 ns        ; TYPE[2]  ; IMMEDIATE[4]  ;
; N/A   ; None              ; 9.322 ns        ; WORD[30] ; IMMEDIATE[10] ;
; N/A   ; None              ; 9.306 ns        ; WORD[24] ; IMMEDIATE[24] ;
; N/A   ; None              ; 9.256 ns        ; WORD[23] ; IMMEDIATE[3]  ;
; N/A   ; None              ; 9.247 ns        ; WORD[8]  ; IMMEDIATE[1]  ;
; N/A   ; None              ; 9.243 ns        ; WORD[23] ; IMMEDIATE[23] ;
; N/A   ; None              ; 9.233 ns        ; WORD[22] ; IMMEDIATE[22] ;
; N/A   ; None              ; 9.231 ns        ; TYPE[2]  ; IMMEDIATE[31] ;
; N/A   ; None              ; 9.227 ns        ; TYPE[2]  ; IMMEDIATE[5]  ;
; N/A   ; None              ; 9.219 ns        ; TYPE[2]  ; IMMEDIATE[21] ;
; N/A   ; None              ; 9.209 ns        ; TYPE[2]  ; IMMEDIATE[30] ;
; N/A   ; None              ; 9.197 ns        ; WORD[13] ; IMMEDIATE[13] ;
; N/A   ; None              ; 9.197 ns        ; TYPE[2]  ; IMMEDIATE[28] ;
; N/A   ; None              ; 9.195 ns        ; TYPE[2]  ; IMMEDIATE[22] ;
; N/A   ; None              ; 9.191 ns        ; WORD[22] ; IMMEDIATE[2]  ;
; N/A   ; None              ; 9.187 ns        ; TYPE[2]  ; IMMEDIATE[26] ;
; N/A   ; None              ; 9.185 ns        ; WORD[7]  ; IMMEDIATE[0]  ;
; N/A   ; None              ; 9.179 ns        ; TYPE[2]  ; IMMEDIATE[24] ;
; N/A   ; None              ; 9.177 ns        ; WORD[25] ; IMMEDIATE[5]  ;
; N/A   ; None              ; 9.159 ns        ; TYPE[2]  ; IMMEDIATE[23] ;
; N/A   ; None              ; 9.153 ns        ; WORD[10] ; IMMEDIATE[3]  ;
; N/A   ; None              ; 9.113 ns        ; WORD[11] ; IMMEDIATE[4]  ;
; N/A   ; None              ; 9.081 ns        ; WORD[18] ; IMMEDIATE[18] ;
; N/A   ; None              ; 9.012 ns        ; WORD[24] ; IMMEDIATE[4]  ;
; N/A   ; None              ; 8.948 ns        ; WORD[20] ; IMMEDIATE[20] ;
; N/A   ; None              ; 8.897 ns        ; WORD[28] ; IMMEDIATE[8]  ;
; N/A   ; None              ; 8.891 ns        ; WORD[28] ; IMMEDIATE[28] ;
; N/A   ; None              ; 8.859 ns        ; TYPE[2]  ; IMMEDIATE[20] ;
; N/A   ; None              ; 8.708 ns        ; WORD[9]  ; IMMEDIATE[2]  ;
+-------+-------------------+-----------------+----------+---------------+


+--------------------------+
; Timing Analyzer Messages ;
+--------------------------+
Info: *******************************************************************
Info: Running Quartus II Classic Timing Analyzer
    Info: Version 9.1 Build 350 03/24/2010 Service Pack 2 SJ Web Edition
    Info: Processing started: Wed Feb 27 16:09:46 2019
Info: Command: quartus_tan --read_settings_files=off --write_settings_files=off RV32IM -c RV32IM --timing_analysis_only
Info: Longest tpd from source pin "TYPE[0]" to destination pin "IMMEDIATE[15]" is 12.505 ns
    Info: 1: + IC(0.000 ns) + CELL(0.872 ns) = 0.872 ns; Loc. = PIN_W2; Fanout = 23; PIN Node = 'TYPE[0]'
    Info: 2: + IC(5.083 ns) + CELL(0.420 ns) = 6.375 ns; Loc. = LCCOMB_X1_Y12_N12; Fanout = 8; COMB Node = 'ID_IMM_GENERATOR:inst|Mux13~0'
    Info: 3: + IC(2.077 ns) + CELL(0.437 ns) = 8.889 ns; Loc. = LCCOMB_X10_Y1_N10; Fanout = 1; COMB Node = 'ID_IMM_GENERATOR:inst|Mux16~0'
    Info: 4: + IC(0.788 ns) + CELL(2.828 ns) = 12.505 ns; Loc. = PIN_W8; Fanout = 0; PIN Node = 'IMMEDIATE[15]'
    Info: Total cell delay = 4.557 ns ( 36.44 % )
    Info: Total interconnect delay = 7.948 ns ( 63.56 % )
Info: Quartus II Classic Timing Analyzer was successful. 0 errors, 0 warnings
    Info: Peak virtual memory: 194 megabytes
    Info: Processing ended: Wed Feb 27 16:09:46 2019
    Info: Elapsed time: 00:00:00
    Info: Total CPU time (on all processors): 00:00:00


