--------------------------------------------------------------------------------------
Timing Analyzer Summary
--------------------------------------------------------------------------------------

Type           : Worst-case tco
Slack          : N/A
Required Time  : None
Actual Time    : 27.580 ns
From           : PIPE_ID_TO_EXE_REGISTER:PIPE_B|BUF_FWD_A[0]
To             : ALU[0]
From Clock     : CLK
To Clock       : --
Failed Paths   : 0

Type           : Clock Setup: 'CLK'
Slack          : N/A
Required Time  : None
Actual Time    : 44.61 MHz ( period = 22.415 ns )
From           : PIPE_ID_TO_EXE_REGISTER:PIPE_B|BUF_FWD_A[0]
To             : PIPE_IF_TO_ID_REGISTER:PIPE_A|BUF_IF_WORD[4]
From Clock     : CLK
To Clock       : CLK
Failed Paths   : 0

Type           : Total number of failed paths
Slack          : 
Required Time  : 
Actual Time    : 
From           : 
To             : 
From Clock     : 
To Clock       : 
Failed Paths   : 0

--------------------------------------------------------------------------------------

